00:01.609  blend            | Read blend: "C:\yangwenhua\BlenderToThreejs\HeavenlyPalace\stage1\HeavenlyPalace_Whitebox_v04.blend"
00:01.750  blend            | Read blend: "C:\yangwenhua\BlenderToThreejs\HeavenlyPalace\stage1\HeavenlyPalace_Whitebox_v04.blend"
C:\yangwenhua\BlenderToThreejs\HeavenlyPalace\stage1\scripts\build_structure_v05.py:59: DeprecationWarning: 'Material.use_nodes' is expected to be removed in Blender 6.0
  data.use_nodes=True
Info: Saved as "HeavenlyPalace_Structure_v05.blend"
V05_SAVED C:\yangwenhua\BlenderToThreejs\HeavenlyPalace\stage1\HeavenlyPalace_Structure_v05.blend
02:06.078  render           | Saved: 'C:\yangwenhua\BlenderToThreejs\HeavenlyPalace\stage1\v05\renders\04_interior.png'
V05_RENDER 4 C:\yangwenhua\BlenderToThreejs\HeavenlyPalace\stage1\v05\renders\04_interior.png
03:38.734  render           | Saved: 'C:\yangwenhua\BlenderToThreejs\HeavenlyPalace\stage1\v05\renders\05_roof_detail.png'
V05_RENDER 5 C:\yangwenhua\BlenderToThreejs\HeavenlyPalace\stage1\v05\renders\05_roof_detail.png
05:29.937  render           | Saved: 'C:\yangwenhua\BlenderToThreejs\HeavenlyPalace\stage1\v05\renders\06_moon_detail.png'
V05_RENDER 6 C:\yangwenhua\BlenderToThreejs\HeavenlyPalace\stage1\v05\renders\06_moon_detail.png
06:16.312  render           | Saved: 'C:\yangwenhua\BlenderToThreejs\HeavenlyPalace\stage1\v05\renders\02_front.png'
V05_RENDER 2 C:\yangwenhua\BlenderToThreejs\HeavenlyPalace\stage1\v05\renders\02_front.png
06:54.203  render           | Saved: 'C:\yangwenhua\BlenderToThreejs\HeavenlyPalace\stage1\v05\renders\01_oblique.png'
V05_RENDER 1 C:\yangwenhua\BlenderToThreejs\HeavenlyPalace\stage1\v05\renders\01_oblique.png
07:33.844  render           | Saved: 'C:\yangwenhua\BlenderToThreejs\HeavenlyPalace\stage1\v05\renders\03_aerial.png'
V05_RENDER 3 C:\yangwenhua\BlenderToThreejs\HeavenlyPalace\stage1\v05\renders\03_aerial.png
V05_COMPLETE
Blender 5.2.1 LTS (hash 9e2066aef7ef built 2026-08-25 02:38:20)
