00:02.750  blend            | Read blend: "C:\yangwenhua\BlenderToThreejs\HeavenlyPalace\stage1\HeavenlyPalace_Environment_v07.blend"
00:38.500  render           | Saved: 'C:\yangwenhua\BlenderToThreejs\HeavenlyPalace\stage1\v07\renders\03_aerial.png'
V07_RENDER 3 C:\yangwenhua\BlenderToThreejs\HeavenlyPalace\stage1\v07\renders\03_aerial.png
01:11.500  render           | Saved: 'C:\yangwenhua\BlenderToThreejs\HeavenlyPalace\stage1\v07\renders\01_oblique.png'
V07_RENDER 1 C:\yangwenhua\BlenderToThreejs\HeavenlyPalace\stage1\v07\renders\01_oblique.png
01:47.829  render           | Saved: 'C:\yangwenhua\BlenderToThreejs\HeavenlyPalace\stage1\v07\renders\02_front.png'
V07_RENDER 2 C:\yangwenhua\BlenderToThreejs\HeavenlyPalace\stage1\v07\renders\02_front.png
03:06.157  render           | Saved: 'C:\yangwenhua\BlenderToThreejs\HeavenlyPalace\stage1\v07\renders\04_interior.png'
V07_RENDER 4 C:\yangwenhua\BlenderToThreejs\HeavenlyPalace\stage1\v07\renders\04_interior.png
03:53.579  render           | Saved: 'C:\yangwenhua\BlenderToThreejs\HeavenlyPalace\stage1\v07\renders\12_main_cliff.png'
V07_RENDER 12 C:\yangwenhua\BlenderToThreejs\HeavenlyPalace\stage1\v07\renders\12_main_cliff.png
04:38.985  render           | Saved: 'C:\yangwenhua\BlenderToThreejs\HeavenlyPalace\stage1\v07\renders\13_hero_pine.png'
V07_RENDER 13 C:\yangwenhua\BlenderToThreejs\HeavenlyPalace\stage1\v07\renders\13_hero_pine.png
05:31.032  render           | Saved: 'C:\yangwenhua\BlenderToThreejs\HeavenlyPalace\stage1\v07\renders\14_bridge_environment.png'
V07_RENDER 14 C:\yangwenhua\BlenderToThreejs\HeavenlyPalace\stage1\v07\renders\14_bridge_environment.png
06:17.141  render           | Saved: 'C:\yangwenhua\BlenderToThreejs\HeavenlyPalace\stage1\v07\renders\15_waterfall_detail.png'
V07_RENDER 15 C:\yangwenhua\BlenderToThreejs\HeavenlyPalace\stage1\v07\renders\15_waterfall_detail.png
07:00.704  render           | Saved: 'C:\yangwenhua\BlenderToThreejs\HeavenlyPalace\stage1\v07\renders\16_bridge_clearance.png'
V07_RENDER 16 C:\yangwenhua\BlenderToThreejs\HeavenlyPalace\stage1\v07\renders\16_bridge_clearance.png
Blender 5.2.1 LTS (hash 9e2066aef7ef built 2026-08-25 02:38:20)

Blender quit
